// Jest Snapshot v1, https://goo.gl/fbAQLP

exports[`Tests HomeScreen should show the component  1`] = `
Array [
  <h1>
    HomeScreen
  </h1>,
  <hr />,
  <pre>
    {
   "user": {
      "name": "Alejandro",
      "email": "a.lazaro.g7@gmail.com"
   }
}
  </pre>,
]
`;
