// Jest Snapshot v1, https://goo.gl/fbAQLP

exports[`Simple Test should return a snapshot 1`] = `
<div>
  <h1>
    Hola Mundo
  </h1>
</div>
`;
