// Jest Snapshot v1, https://goo.gl/fbAQLP

exports[`TodoListItem should show component correctly 1`] = `
<li
  className="list-group-item"
>
  <p
    className="text-center false"
    onClick={[Function]}
  >
     
    2
    . 
    jugar
  </p>
  <button
    className="btn btn-danger"
    onClick={[Function]}
  >
    Borrar
  </button>
</li>
`;
